// Jest Snapshot v1, https://goo.gl/fbAQLP

exports[`MixedRouteQuoterV1 quotes #quoteExactInput V3 only 0 -> 2 -> 1 1`] = `369421`;

exports[`MixedRouteQuoterV1 quotes #quoteExactInput V3 only 0 -> 2 cross 0 tick, starting tick initialized 1`] = `169567`;

exports[`MixedRouteQuoterV1 quotes #quoteExactInput V3 only 0 -> 2 cross 0 tick, starting tick not initialized 1`] = `138201`;

exports[`MixedRouteQuoterV1 quotes #quoteExactInput V3 only 0 -> 2 cross 1 tick 1`] = `198717`;

exports[`MixedRouteQuoterV1 quotes #quoteExactInput V3 only 0 -> 2 cross 2 tick 1`] = `245121`;

exports[`MixedRouteQuoterV1 quotes #quoteExactInput V3 only 0 -> 2 cross 2 tick where after is initialized 1`] = `198755`;

exports[`MixedRouteQuoterV1 quotes #quoteExactInput V3 only 2 -> 0 cross 0 tick, starting tick initialized 1`] = `127129`;

exports[`MixedRouteQuoterV1 quotes #quoteExactInput V3 only 2 -> 0 cross 0 tick, starting tick not initialized 1`] = `127129`;

exports[`MixedRouteQuoterV1 quotes #quoteExactInput V3 only 2 -> 0 cross 2 1`] = `233867`;

exports[`MixedRouteQuoterV1 quotes #quoteExactInput V3 only 2 -> 0 cross 2 where tick after is initialized 1`] = `233875`;

exports[`MixedRouteQuoterV1 quotes #quoteExactInput V3 only 2 -> 1 1`] = `126804`;

exports[`MixedRouteQuoterV1 quotes #quoteExactInputSingle V3 0 -> 2 1`] = `245103`;

exports[`MixedRouteQuoterV1 quotes #quoteExactInputSingle V3 2 -> 0 1`] = `233839`;
