// Jest Snapshot v1, https://goo.gl/fbAQLP

exports[`NonfungiblePositionManager #burn gas 1`] = `66054`;

exports[`NonfungiblePositionManager #collect gas transfers both 1`] = `137727`;

exports[`NonfungiblePositionManager #collect gas transfers token0 only 1`] = `128467`;

exports[`NonfungiblePositionManager #collect gas transfers token1 only 1`] = `128674`;

exports[`NonfungiblePositionManager #decreaseLiquidity gas complete decrease 1`] = `176086`;

exports[`NonfungiblePositionManager #decreaseLiquidity gas partial decrease 1`] = `176850`;

exports[`NonfungiblePositionManager #increaseLiquidity gas 1`] = `205258`;

exports[`NonfungiblePositionManager #mint gas first mint for pool 1`] = `625685`;

exports[`NonfungiblePositionManager #mint gas first mint for pool using eth with non-zero refund 1`] = `631123`;

exports[`NonfungiblePositionManager #mint gas first mint for pool using eth with zero refund 1`] = `623904`;

exports[`NonfungiblePositionManager #mint gas mint for same pool, different ticks 1`] = `475176`;

exports[`NonfungiblePositionManager #mint gas mint on same ticks 1`] = `363512`;

exports[`NonfungiblePositionManager #permit owned by eoa gas 1`] = `64535`;

exports[`NonfungiblePositionManager #permit owned by verifying contract gas 1`] = `68422`;

exports[`NonfungiblePositionManager #positions gas 1`] = `19977`;

exports[`NonfungiblePositionManager #transferFrom gas 1`] = `109774`;

exports[`NonfungiblePositionManager #transferFrom gas comes from approved 1`] = `108380`;

exports[`NonfungiblePositionManager multicall exit gas 1`] = `257356`;
