// Jest Snapshot v1, https://goo.gl/fbAQLP

exports[`UniswapV3Pool gas tests fee is off #burn above current price burn entire position after some time passes 1`] = `67877`;

exports[`UniswapV3Pool gas tests fee is off #burn above current price burn when only position using ticks 1`] = `67877`;

exports[`UniswapV3Pool gas tests fee is off #burn above current price entire position burn but other positions are using the ticks 1`] = `89918`;

exports[`UniswapV3Pool gas tests fee is off #burn above current price partial position burn 1`] = `104918`;

exports[`UniswapV3Pool gas tests fee is off #burn around current price burn entire position after some time passes 1`] = `78728`;

exports[`UniswapV3Pool gas tests fee is off #burn around current price burn when only position using ticks 1`] = `75524`;

exports[`UniswapV3Pool gas tests fee is off #burn around current price entire position burn but other positions are using the ticks 1`] = `94812`;

exports[`UniswapV3Pool gas tests fee is off #burn around current price partial position burn 1`] = `109812`;

exports[`UniswapV3Pool gas tests fee is off #burn below current price burn entire position after some time passes 1`] = `73789`;

exports[`UniswapV3Pool gas tests fee is off #burn below current price burn when only position using ticks 1`] = `73789`;

exports[`UniswapV3Pool gas tests fee is off #burn below current price entire position burn but other positions are using the ticks 1`] = `90541`;

exports[`UniswapV3Pool gas tests fee is off #burn below current price partial position burn 1`] = `105541`;

exports[`UniswapV3Pool gas tests fee is off #collect close to worst case 1`] = `40769`;

exports[`UniswapV3Pool gas tests fee is off #increaseObservationCardinalityNext grow by 1 slot 1`] = `53713`;

exports[`UniswapV3Pool gas tests fee is off #increaseObservationCardinalityNext no op 1`] = `27292`;

exports[`UniswapV3Pool gas tests fee is off #mint above current price add to position after some time passes 1`] = `119103`;

exports[`UniswapV3Pool gas tests fee is off #mint above current price add to position existing 1`] = `119103`;

exports[`UniswapV3Pool gas tests fee is off #mint above current price new position mint first in range 1`] = `240069`;

exports[`UniswapV3Pool gas tests fee is off #mint above current price second position in same range 1`] = `136203`;

exports[`UniswapV3Pool gas tests fee is off #mint around current price add to position after some time passes 1`] = `160224`;

exports[`UniswapV3Pool gas tests fee is off #mint around current price add to position existing 1`] = `151014`;

exports[`UniswapV3Pool gas tests fee is off #mint around current price new position mint first in range 1`] = `343673`;

exports[`UniswapV3Pool gas tests fee is off #mint around current price second position in same range 1`] = `168114`;

exports[`UniswapV3Pool gas tests fee is off #mint below current price add to position after some time passes 1`] = `119743`;

exports[`UniswapV3Pool gas tests fee is off #mint below current price add to position existing 1`] = `119743`;

exports[`UniswapV3Pool gas tests fee is off #mint below current price new position mint first in range 1`] = `321875`;

exports[`UniswapV3Pool gas tests fee is off #mint below current price second position in same range 1`] = `136843`;

exports[`UniswapV3Pool gas tests fee is off #poke best case 1`] = `56823`;

exports[`UniswapV3Pool gas tests fee is off #snapshotCumulativesInside tick above 1`] = `32485`;

exports[`UniswapV3Pool gas tests fee is off #snapshotCumulativesInside tick below 1`] = `32447`;

exports[`UniswapV3Pool gas tests fee is off #snapshotCumulativesInside tick inside 1`] = `39982`;

exports[`UniswapV3Pool gas tests fee is off #swapExact0For1 first swap in block moves tick, no initialized crossings 1`] = `152029`;

exports[`UniswapV3Pool gas tests fee is off #swapExact0For1 first swap in block with no tick movement 1`] = `130931`;

exports[`UniswapV3Pool gas tests fee is off #swapExact0For1 first swap in block, large swap crossing a single initialized tick 1`] = `181899`;

exports[`UniswapV3Pool gas tests fee is off #swapExact0For1 first swap in block, large swap crossing several initialized ticks 1`] = `238990`;

exports[`UniswapV3Pool gas tests fee is off #swapExact0For1 first swap in block, large swap, no initialized crossings 1`] = `177068`;

exports[`UniswapV3Pool gas tests fee is off #swapExact0For1 large swap crossing several initialized ticks after some time passes 1`] = `238990`;

exports[`UniswapV3Pool gas tests fee is off #swapExact0For1 large swap crossing several initialized ticks second time after some time passes 1`] = `298990`;

exports[`UniswapV3Pool gas tests fee is off #swapExact0For1 second swap in block moves tick, no initialized crossings 1`] = `152029`;

exports[`UniswapV3Pool gas tests fee is off #swapExact0For1 second swap in block with no tick movement 1`] = `131042`;

exports[`UniswapV3Pool gas tests fee is off #swapExact0For1 second swap in block, large swap crossing a single initialized tick 1`] = `163238`;

exports[`UniswapV3Pool gas tests fee is off #swapExact0For1 second swap in block, large swap crossing several initialized ticks 1`] = `220307`;
